src/components/Dashboard/AdminDashboard.tsx(3,15): error TS6196: 'Project' is declared but never used.
src/components/Dashboard/PMDashboard.tsx(7,10): error TS6133: 'tasks' is declared but its value is never read.
src/types/index.ts(1,13): error TS1294: This syntax is not allowed when 'erasableSyntaxOnly' is enabled.
src/types/index.ts(7,13): error TS1294: This syntax is not allowed when 'erasableSyntaxOnly' is enabled.
src/types/index.ts(15,13): error TS1294: This syntax is not allowed when 'erasableSyntaxOnly' is enabled.
